// Jest Snapshot v1, https://goo.gl/fbAQLP

exports[`matches snapshot 1`] = `
<DocumentFragment>
  <div>
    <form>
      <label
        for="height"
      >
        Height: 
      </label>
      <input
        id="height"
        name="height"
        type="number"
        value=""
      />
      <label
        for="width"
      >
        Width: 
      </label>
      <input
        id="width"
        name="width"
        type="number"
        value=""
      />
      <label
        for="color"
      >
        Color: 
      </label>
      <input
        id="color"
        name="color"
        type="text"
        value=""
      />
      <button>
        Add a new box!
      </button>
    </form>
    <div
      class="BoxList"
    />
  </div>
</DocumentFragment>
`;
